// Jest Snapshot v1, https://goo.gl/fbAQLP

exports[`TimeLines should match snapshot 1`] = `
<body>
  <div>
    <section
      class="bottom"
      data-testid="TimeLines"
    >
      <div
        class="row-timeline"
      >
        <div
          class="controls"
        />
        <div
          class="timeline"
        >
          <div
            class="timeline-ticks"
          >
            <svg
              data-testid="svg"
              preserveAspectRatio="xMidYMid slice"
              viewBox="0 0 807 30"
            >
              <g
                class="axis-top"
                data-testid="axis"
                fill="none"
                font-family="sans-serif"
                font-size="10"
                text-anchor="middle"
                transform="translate(0,0)"
              >
                <path
                  class="domain"
                  d="M0.5,-6V0.5H807.5V-6"
                  stroke="currentColor"
                />
                <g
                  class="tick"
                  opacity="1"
                  transform="translate(404,0)"
                >
                  <line
                    stroke="currentColor"
                    y2="-6"
                  />
                  <text
                    dy="0em"
                    fill="currentColor"
                    style="text-anchor: end; font-size: 1.75ex; font-family: monospace; fill: #ffffff;"
                    transform="translate(10,30) rotate(45)"
                    y="-9"
                  />
                </g>
              </g>
              <g
                class="waveform"
                data-testid="waveform"
              >
                <path
                  class="svg-line"
                  d="M403.5,15Z"
                  fill="#ffffff"
                />
              </g>
            </svg>
          </div>
        </div>
      </div>
      <div
        class="row-one"
      >
        <div
          class="controls"
        >
          <button>
            <img
              alt=""
              class="eye"
              src="./eye.svg"
            />
          </button>
        </div>
        <div
          class="timeline"
        >
          <div
            class="image-container"
            data-testid="ImageFramesComponent"
          >
            <img
              alt=""
              class="images"
              src="img"
            />
          </div>
        </div>
      </div>
      <div
        class="row-two"
      >
        <div
          class="controls"
        >
          <button>
            <img
              alt=""
              class="eye"
              src="./eye.svg"
            />
          </button>
        </div>
        <div
          class="timeline"
        >
          <svg
            data-testid="svg"
            height="98"
            preserveAspectRatio="xMidYMid slice"
            viewBox="0 0 807 98"
            width="807"
          >
            <g
              class="area"
              data-testid="area"
              transform="translate(0,0)"
            >
              <path
                class="wave"
                d="M403.5,49L403.5,49Z"
                transform="translate(0,0)"
              />
            </g>
          </svg>
        </div>
      </div>
      <div
        class="row-three"
      >
        <div
          class="controls"
        />
        <div
          class="timeline"
        >
          <div
            class="timeline-display"
            data-testid="TimeDisplay"
          >
            <test-file-stub
              style="transform: translate(-17px, -230px);"
            />
          </div>
        </div>
      </div>
    </section>
  </div>
</body>
`;
