// Jest Snapshot v1, https://goo.gl/fbAQLP

exports[`FileExport should match snapshot 1`] = `
<body>
  <div>
    <button
      aria-controls="FileExport"
      aria-expanded="false"
      aria-haspopup="dialog"
      type="button"
    >
      <img
        alt="export"
        class="export"
        data-testid="file-export"
        src="./export.svg"
      />
    </button>
  </div>
  <div
    class="__reakit-portal"
  >
    <div
      class="css-jhczzu"
      data-dialog-ref="FileExport"
      hidden=""
      style="display: none;"
    >
      <div
        aria-label="Welcome"
        aria-modal="true"
        class="css-jkbxbt"
        data-dialog="true"
        hidden=""
        id="FileExport"
        role="dialog"
        style="display: none;"
        tabindex="-1"
      >
        <div>
          <div
            class="export"
            data-testid="export"
          >
            <header>
              <p
                class="title"
              >
                Click below to export
              </p>
              <p
                class="status"
              />
            </header>
            <ul
              class="social"
            >
              <li>
                <button
                  data-testid="twitter"
                >
                  <img
                    alt="click to export for twitter"
                    height="400"
                    src="./social/twitter.svg"
                    width="400"
                  />
                </button>
              </li>
              <li>
                <button
                  data-testid="facebook"
                >
                  <img
                    alt="click to export for Facebook"
                    height="250"
                    src="./social/facebook.png"
                    width="250"
                  />
                </button>
              </li>
              <li>
                <button
                  data-testid="linkedin"
                >
                  <img
                    alt="click to export for Linkedin"
                    height="540"
                    src="./social/linkedin.png"
                    width="650"
                  />
                </button>
              </li>
            </ul>
          </div>
        </div>
      </div>
    </div>
  </div>
</body>
`;
