// Jest Snapshot v1, https://goo.gl/fbAQLP

exports[`Interface should match snapshot 1`] = `
<body>
  <div>
    <ul
      data-testid="interface"
    >
      <li>
        <button>
          <img
            alt="right cut"
            class="right-cut"
            src="./cut.svg"
          />
        </button>
      </li>
      <li>
        <button
          aria-describedby="tooltip3"
          tabindex="0"
          type="button"
        >
          <img
            alt="backward"
            class="backward"
            data-testid="reverse"
            src="./back.svg"
          />
        </button>
      </li>
      <li>
        <button
          aria-describedby="tooltip8"
          tabindex="0"
          type="button"
        >
          <img
            alt="stop"
            class="stop"
            data-testid="pause"
            src="./pause.svg"
          />
        </button>
      </li>
      <li>
        <button
          aria-describedby="tooltip4"
          tabindex="0"
          type="button"
        >
          <img
            alt="play"
            class="play"
            data-testid="play"
            src="./play.svg"
          />
        </button>
      </li>
      <li>
        <button
          aria-describedby="tooltip5"
          tabindex="0"
          type="button"
        >
          <img
            alt="forward"
            class="forward"
            data-testid="forward"
            src="./forward.svg"
          />
        </button>
      </li>
      <li>
        <button
          aria-describedby="tooltip9"
          tabindex="0"
          type="button"
        >
          <img
            alt="sound"
            class="sound"
            data-testid="sound"
            src="./sound.svg"
          />
        </button>
      </li>
      <li>
        <div
          aria-describedby="tooltip6"
          tabindex="0"
        >
          <div
            class="app"
          >
            <form
              action="#"
              data-testid="form"
            >
              <div
                class="fileStyling"
              >
                <input
                  accept="video/*"
                  data-testid="file"
                  id="file"
                  name="file"
                  required=""
                  type="file"
                  value=""
                />
                <label
                  for="file"
                >
                  Choose a file
                </label>
              </div>
              <div
                class="Errors"
              />
            </form>
          </div>
        </div>
      </li>
      <li>
        <div
          aria-describedby="tooltip7"
          tabindex="0"
        >
          <button
            aria-controls="FileExport"
            aria-expanded="false"
            aria-haspopup="dialog"
            type="button"
          >
            <img
              alt="export"
              class="export"
              data-testid="file-export"
              src="./export.svg"
            />
          </button>
        </div>
      </li>
    </ul>
  </div>
  <div
    class="__reakit-portal"
  >
    <div
      hidden=""
      id="tooltip3"
      role="tooltip"
      style="display: none; pointer-events: none;"
    >
      Backward
    </div>
  </div>
  <div
    class="__reakit-portal"
  >
    <div
      hidden=""
      id="tooltip8"
      role="tooltip"
      style="display: none; pointer-events: none;"
    >
      Stop
    </div>
  </div>
  <div
    class="__reakit-portal"
  >
    <div
      hidden=""
      id="tooltip4"
      role="tooltip"
      style="display: none; pointer-events: none;"
    >
      Play
    </div>
  </div>
  <div
    class="__reakit-portal"
  >
    <div
      hidden=""
      id="tooltip5"
      role="tooltip"
      style="display: none; pointer-events: none;"
    >
      Forward
    </div>
  </div>
  <div
    class="__reakit-portal"
  >
    <div
      hidden=""
      id="tooltip9"
      role="tooltip"
      style="display: none; pointer-events: none;"
    >
      Mute/Sound
    </div>
  </div>
  <div
    class="__reakit-portal"
  >
    <div
      hidden=""
      id="tooltip6"
      role="tooltip"
      style="display: none; pointer-events: none;"
    >
      Upload
    </div>
  </div>
  <div
    class="__reakit-portal"
  >
    <div
      class="css-jhczzu"
      data-dialog-ref="FileExport"
      hidden=""
      style="display: none;"
    >
      <div
        aria-label="Welcome"
        aria-modal="true"
        class="css-jkbxbt"
        data-dialog="true"
        hidden=""
        id="FileExport"
        role="dialog"
        style="display: none;"
        tabindex="-1"
      >
        <div>
          <div
            class="export"
            data-testid="export"
          >
            <header>
              <p
                class="title"
              >
                Click below to export
              </p>
              <p
                class="status"
              />
            </header>
            <ul
              class="social"
            >
              <li>
                <button
                  data-testid="twitter"
                >
                  <img
                    alt="click to export for twitter"
                    height="400"
                    src="./social/twitter.svg"
                    width="400"
                  />
                </button>
              </li>
              <li>
                <button
                  data-testid="facebook"
                >
                  <img
                    alt="click to export for Facebook"
                    height="250"
                    src="./social/facebook.png"
                    width="250"
                  />
                </button>
              </li>
              <li>
                <button
                  data-testid="linkedin"
                >
                  <img
                    alt="click to export for Linkedin"
                    height="540"
                    src="./social/linkedin.png"
                    width="650"
                  />
                </button>
              </li>
            </ul>
          </div>
        </div>
      </div>
    </div>
  </div>
  <div
    class="__reakit-portal"
  >
    <div
      hidden=""
      id="tooltip7"
      role="tooltip"
      style="display: none; pointer-events: none;"
    >
      Export
    </div>
  </div>
</body>
`;
